[    0.000000] Linux version 4.15.0-101-generic (buildd@lgw01-amd64-003) (gcc version 7.5.0 (Ubuntu 7.5.0-3ubuntu1~18.04)) #102-Ubuntu SMP Mon May 11 10:07:26 UTC 2020 (Ubuntu 4.15.0-101.102-generic 4.15.18)
[    0.000000] Command line: BOOT_IMAGE=/boot/vmlinuz-4.15.0-101-generic root=LABEL=cloudimg-rootfs ro console=tty1 console=ttyS0
[    0.000000] KERNEL supported cpus:
[    0.000000]   Intel GenuineIntel
[    0.000000]   AMD AuthenticAMD
[    0.000000]   Centaur CentaurHauls
[    0.000000] x86/fpu: Supporting XSAVE feature 0x001: 'x87 floating point registers'
[    0.000000] x86/fpu: Supporting XSAVE feature 0x002: 'SSE registers'
[    0.000000] x86/fpu: Supporting XSAVE feature 0x004: 'AVX registers'
[    0.000000] x86/fpu: xstate_offset[2]:  576, xstate_sizes[2]:  256
[    0.000000] x86/fpu: Enabled xstate features 0x7, context size is 832 bytes, using 'standard' format.
[    0.000000] e820: BIOS-provided physical RAM map:
[    0.000000] BIOS-e820: [mem 0x0000000000000000-0x000000000009fbff] usable
[    0.000000] BIOS-e820: [mem 0x000000000009fc00-0x000000000009ffff] reserved
[    0.000000] BIOS-e820: [mem 0x00000000000f0000-0x00000000000fffff] reserved
[    0.000000] BIOS-e820: [mem 0x0000000000100000-0x000000007ffeffff] usable
[    0.000000] BIOS-e820: [mem 0x000000007fff0000-0x000000007fffffff] ACPI data
[    0.000000] BIOS-e820: [mem 0x00000000fec00000-0x00000000fec00fff] reserved
[    0.000000] BIOS-e820: [mem 0x00000000fee00000-0x00000000fee00fff] reserved
[    0.000000] BIOS-e820: [mem 0x00000000fffc0000-0x00000000ffffffff] reserved
[    0.000000] NX (Execute Disable) protection: active
[    0.000000] SMBIOS 2.5 present.
[    0.000000] DMI: innotek GmbH VirtualBox/VirtualBox, BIOS VirtualBox 12/01/2006
[    0.000000] Hypervisor detected: KVM
[    0.000000] e820: last_pfn = 0x7fff0 max_arch_pfn = 0x400000000
[    0.000000] MTRR: Disabled
[    0.000000] x86/PAT: MTRRs disabled, skipping PAT initialization too.
[    0.000000] CPU MTRRs all blank - virtualized system.
[    0.000000] x86/PAT: Configuration [0-7]: WB  WT  UC- UC  WB  WT  UC- UC  
[    0.000000] found SMP MP-table at [mem 0x0009fff0-0x0009ffff]
[    0.000000] Scanning 1 areas for low memory corruption
[    0.000000] RAMDISK: [mem 0x35957000-0x36ca2fff]
[    0.000000] ACPI: Early table checksum verification disabled
[    0.000000] ACPI: RSDP 0x00000000000E0000 000024 (v02 VBOX  )
[    0.000000] ACPI: XSDT 0x000000007FFF0030 00003C (v01 VBOX   VBOXXSDT 00000001 ASL  00000061)
[    0.000000] ACPI: FACP 0x000000007FFF00F0 0000F4 (v04 VBOX   VBOXFACP 00000001 ASL  00000061)
[    0.000000] ACPI: DSDT 0x000000007FFF0470 002325 (v02 VBOX   VBOXBIOS 00000002 INTL 20200214)
[    0.000000] ACPI: FACS 0x000000007FFF0200 000040
[    0.000000] ACPI: FACS 0x000000007FFF0200 000040
[    0.000000] ACPI: APIC 0x000000007FFF0240 00005C (v02 VBOX   VBOXAPIC 00000001 ASL  00000061)
[    0.000000] ACPI: SSDT 0x000000007FFF02A0 0001CC (v01 VBOX   VBOXCPUT 00000002 INTL 20200214)
[    0.000000] No NUMA configuration found
[    0.000000] Faking a node at [mem 0x0000000000000000-0x000000007ffeffff]
[    0.000000] NODE_DATA(0) allocated [mem 0x7ffc5000-0x7ffeffff]
[    0.000000] kvm-clock: cpu 0, msr 0:7ff44001, primary cpu clock
[    0.000000] kvm-clock: Using msrs 4b564d01 and 4b564d00
[    0.000000] kvm-clock: using sched offset of 3646702104 cycles
[    0.000000] clocksource: kvm-clock: mask: 0xffffffffffffffff max_cycles: 0x1cd42e4dffb, max_idle_ns: 881590591483 ns
[    0.000000] Zone ranges:
[    0.000000]   DMA      [mem 0x0000000000001000-0x0000000000ffffff]
[    0.000000]   DMA32    [mem 0x0000000001000000-0x000000007ffeffff]
[    0.000000]   Normal   empty
[    0.000000]   Device   empty
[    0.000000] Movable zone start for each node
[    0.000000] Early memory node ranges
[    0.000000]   node   0: [mem 0x0000000000001000-0x000000000009efff]
[    0.000000]   node   0: [mem 0x0000000000100000-0x000000007ffeffff]
[    0.000000] Reserved but unavailable: 98 pages
[    0.000000] Initmem setup node 0 [mem 0x0000000000001000-0x000000007ffeffff]
[    0.000000] ACPI: PM-Timer IO Port: 0x4008
[    0.000000] IOAPIC[0]: apic_id 2, version 32, address 0xfec00000, GSI 0-23
[    0.000000] ACPI: INT_SRC_OVR (bus 0 bus_irq 0 global_irq 2 dfl dfl)
[    0.000000] ACPI: INT_SRC_OVR (bus 0 bus_irq 9 global_irq 9 low level)
[    0.000000] Using ACPI (MADT) for SMP configuration information
[    0.000000] smpboot: Allowing 2 CPUs, 0 hotplug CPUs
[    0.000000] PM: Registered nosave memory: [mem 0x00000000-0x00000fff]
[    0.000000] PM: Registered nosave memory: [mem 0x0009f000-0x0009ffff]
[    0.000000] PM: Registered nosave memory: [mem 0x000a0000-0x000effff]
[    0.000000] PM: Registered nosave memory: [mem 0x000f0000-0x000fffff]
[    0.000000] e820: [mem 0x80000000-0xfebfffff] available for PCI devices
[    0.000000] Booting paravirtualized kernel on KVM
[    0.000000] clocksource: refined-jiffies: mask: 0xffffffff max_cycles: 0xffffffff, max_idle_ns: 7645519600211568 ns
[    0.000000] random: get_random_bytes called from start_kernel+0x99/0x4fd with crng_init=0
[    0.000000] setup_percpu: NR_CPUS:8192 nr_cpumask_bits:2 nr_cpu_ids:2 nr_node_ids:1
[    0.000000] percpu: Embedded 45 pages/cpu s147456 r8192 d28672 u1048576
[    0.000000] PV qspinlock hash table entries: 256 (order: 0, 4096 bytes)
[    0.000000] Built 1 zonelists, mobility grouping on.  Total pages: 515961
[    0.000000] Policy zone: DMA32
[    0.000000] Kernel command line: BOOT_IMAGE=/boot/vmlinuz-4.15.0-101-generic root=LABEL=cloudimg-rootfs ro console=tty1 console=ttyS0
[    0.000000] Memory: 2014700K/2096696K available (12300K kernel code, 2481K rwdata, 4268K rodata, 2432K init, 2712K bss, 81996K reserved, 0K cma-reserved)
[    0.000000] SLUB: HWalign=64, Order=0-3, MinObjects=0, CPUs=2, Nodes=1
[    0.000000] Kernel/User page tables isolation: enabled
[    0.000000] ftrace: allocating 39364 entries in 154 pages
[    0.004000] Hierarchical RCU implementation.
[    0.004000] 	RCU restricting CPUs from NR_CPUS=8192 to nr_cpu_ids=2.
[    0.004000] 	Tasks RCU enabled.
[    0.004000] RCU: Adjusting geometry for rcu_fanout_leaf=16, nr_cpu_ids=2
[    0.004000] NR_IRQS: 524544, nr_irqs: 440, preallocated irqs: 16
[    0.004000] Console: colour VGA+ 80x25
[    0.004000] console [tty1] enabled
[    0.004000] console [ttyS0] enabled
[    0.004000] ACPI: Core revision 20170831
[    0.004000] ACPI: 2 ACPI AML tables successfully acquired and loaded
[    0.004000] APIC: Switch to symmetric I/O mode setup
[    0.004000] x2apic enabled
[    0.004000] Switched APIC routing to physical x2apic.
[    0.004000] ..TIMER: vector=0x30 apic1=0 pin1=2 apic2=-1 pin2=-1
[    0.004007] tsc: Detected 3092.972 MHz processor
[    0.008013] Calibrating delay loop (skipped) preset value.. 6185.94 BogoMIPS (lpj=12371888)
[    0.009360] pid_max: default: 32768 minimum: 301
[    0.010238] Security Framework initialized
[    0.010965] Yama: becoming mindful.
[    0.011602] AppArmor: AppArmor initialized
[    0.013050] Dentry cache hash table entries: 262144 (order: 9, 2097152 bytes)
[    0.015181] Inode-cache hash table entries: 131072 (order: 8, 1048576 bytes)
[    0.016032] Mount-cache hash table entries: 4096 (order: 3, 32768 bytes)
[    0.017155] Mountpoint-cache hash table entries: 4096 (order: 3, 32768 bytes)
[    0.018708] Last level iTLB entries: 4KB 512, 2MB 8, 4MB 8
[    0.020004] Last level dTLB entries: 4KB 512, 2MB 32, 4MB 32, 1GB 0
[    0.021092] Spectre V1 : Mitigation: usercopy/swapgs barriers and __user pointer sanitization
[    0.022627] Spectre V2 : Mitigation: Full generic retpoline
[    0.024004] Spectre V2 : Spectre v2 / SpectreRSB mitigation: Filling RSB on context switch
[    0.025317] Speculative Store Bypass: Vulnerable
[    0.026128] MDS: Mitigation: Clear CPU buffers
[    0.027059] Freeing SMP alternatives memory: 36K
[    0.138071] smpboot: CPU0: Intel(R) Core(TM) i3-2100 CPU @ 3.10GHz (family: 0x6, model: 0x2a, stepping: 0x7)
[    0.139869] Performance Events: unsupported p6 CPU model 42 no PMU driver, software events only.
[    0.140000] Hierarchical SRCU implementation.
[    0.140580] NMI watchdog: Perf event create on CPU 0 failed with -2
[    0.141617] NMI watchdog: Perf NMI watchdog permanently disabled
[    0.142776] smp: Bringing up secondary CPUs ...
[    0.143635] x86: Booting SMP configuration:
[    0.144004] .... node  #0, CPUs:      #1
[    0.004000] kvm-clock: cpu 1, msr 0:7ff44041, secondary cpu clock
[    0.148036] smp: Brought up 1 node, 2 CPUs
[    0.148828] smpboot: Max logical packages: 1
[    0.149649] smpboot: Total of 2 processors activated (12371.88 BogoMIPS)
[    0.152014] devtmpfs: initialized
[    0.152798] x86/mm: Memory block size: 128MB
[    0.154002] evm: security.selinux
[    0.154774] evm: security.SMACK64
[    0.156005] evm: security.SMACK64EXEC
[    0.156675] evm: security.SMACK64TRANSMUTE
[    0.157393] evm: security.SMACK64MMAP
[    0.158106] evm: security.apparmor
[    0.158759] evm: security.ima
[    0.159325] evm: security.capability
[    0.160129] clocksource: jiffies: mask: 0xffffffff max_cycles: 0xffffffff, max_idle_ns: 7645041785100000 ns
[    0.161760] futex hash table entries: 512 (order: 3, 32768 bytes)
[    0.162786] pinctrl core: initialized pinctrl subsystem
[    0.164130] RTC time: 19:26:59, date: 06/04/20
[    0.165147] NET: Registered protocol family 16
[    0.165952] audit: initializing netlink subsys (disabled)
[    0.166845] audit: type=2000 audit(1591298824.941:1): state=initialized audit_enabled=0 res=1
[    0.168030] cpuidle: using governor ladder
[    0.169008] cpuidle: using governor menu
[    0.170041] ACPI: bus type PCI registered
[    0.170954] acpiphp: ACPI Hot Plug PCI Controller Driver version: 0.5
[    0.172115] PCI: Using configuration type 1 for base access
[    0.176087] HugeTLB registered 2.00 MiB page size, pre-allocated 0 pages
[    0.176107] ACPI: Added _OSI(Module Device)
[    0.176877] ACPI: Added _OSI(Processor Device)
[    0.177783] ACPI: Added _OSI(3.0 _SCP Extensions)
[    0.180005] ACPI: Added _OSI(Processor Aggregator Device)
[    0.181314] ACPI: Added _OSI(Linux-Dell-Video)
[    0.182434] ACPI: Added _OSI(Linux-Lenovo-NV-HDMI-Audio)
[    0.184026] ACPI: Added _OSI(Linux-HPI-Hybrid-Graphics)
[    0.184540] ACPI: Executed 1 blocks of module-level executable AML code
[    0.192280] ACPI: Interpreter enabled
[    0.193150] ACPI: (supports S0 S5)
[    0.193951] ACPI: Using IOAPIC for interrupt routing
[    0.195314] PCI: Using host bridge windows from ACPI; if necessary, use "pci=nocrs" and report a bug
[    0.196166] ACPI: Enabled 2 GPEs in block 00 to 07
[    0.204865] ACPI: PCI Root Bridge [PCI0] (domain 0000 [bus 00-ff])
[    0.205949] acpi PNP0A03:00: _OSC: OS supports [ASPM ClockPM Segments MSI]
[    0.208034] acpi PNP0A03:00: _OSC: not requesting OS control; OS requires [ExtendedConfig ASPM ClockPM MSI]
[    0.209733] acpi PNP0A03:00: fail to add MMCONFIG information, can't access extended PCI configuration space under this bridge.
[    0.212389] PCI host bridge to bus 0000:00
[    0.213123] pci_bus 0000:00: root bus resource [io  0x0000-0x0cf7 window]
[    0.214280] pci_bus 0000:00: root bus resource [io  0x0d00-0xffff window]
[    0.215430] pci_bus 0000:00: root bus resource [mem 0x000a0000-0x000bffff window]
[    0.216004] pci_bus 0000:00: root bus resource [mem 0x80000000-0xfdffffff window]
[    0.217648] pci_bus 0000:00: root bus resource [bus 00-ff]
[    0.221277] pci 0000:00:01.1: legacy IDE quirk: reg 0x10: [io  0x01f0-0x01f7]
[    0.222408] pci 0000:00:01.1: legacy IDE quirk: reg 0x14: [io  0x03f6]
[    0.223453] pci 0000:00:01.1: legacy IDE quirk: reg 0x18: [io  0x0170-0x0177]
[    0.224003] pci 0000:00:01.1: legacy IDE quirk: reg 0x1c: [io  0x0376]
[    0.266631] pci 0000:00:07.0: quirk: [io  0x4000-0x403f] claimed by PIIX4 ACPI
[    0.268036] pci 0000:00:07.0: quirk: [io  0x4100-0x410f] claimed by PIIX4 SMB
[    0.297978] ACPI: PCI Interrupt Link [LNKA] (IRQs 5 9 10 *11)
[    0.299958] ACPI: PCI Interrupt Link [LNKB] (IRQs 5 9 *10 11)
[    0.300188] ACPI: PCI Interrupt Link [LNKC] (IRQs 5 *9 10 11)
[    0.301937] ACPI: PCI Interrupt Link [LNKD] (IRQs 5 9 10 *11)
[    0.304482] SCSI subsystem initialized
[    0.305394] pci 0000:00:02.0: vgaarb: setting as boot VGA device
[    0.305475] pci 0000:00:02.0: vgaarb: VGA device added: decodes=io+mem,owns=io+mem,locks=none
[    0.308007] pci 0000:00:02.0: vgaarb: bridge control possible
[    0.309301] vgaarb: loaded
[    0.309996] ACPI: bus type USB registered
[    0.312029] usbcore: registered new interface driver usbfs
[    0.313280] usbcore: registered new interface driver hub
[    0.314492] usbcore: registered new device driver usb
[    0.316034] EDAC MC: Ver: 3.0.0
[    0.317000] PCI: Using ACPI for IRQ routing
[    0.317529] NetLabel: Initializing
[    0.319494] NetLabel:  domain hash size = 128
[    0.320000] NetLabel:  protocols = UNLABELED CIPSOv4 CALIPSO
[    0.324039] NetLabel:  unlabeled traffic allowed by default
[    0.325046] clocksource: Switched to clocksource kvm-clock
[    0.338491] VFS: Disk quotas dquot_6.6.0
[    0.339308] VFS: Dquot-cache hash table entries: 512 (order 0, 4096 bytes)
[    0.340559] AppArmor: AppArmor Filesystem Enabled
[    0.341453] pnp: PnP ACPI init
[    0.343121] pnp: PnP ACPI: found 3 devices
[    0.349760] clocksource: acpi_pm: mask: 0xffffff max_cycles: 0xffffff, max_idle_ns: 2085701024 ns
[    0.351749] NET: Registered protocol family 2
[    0.352865] TCP established hash table entries: 16384 (order: 5, 131072 bytes)
[    0.354266] TCP bind hash table entries: 16384 (order: 6, 262144 bytes)
[    0.355426] TCP: Hash tables configured (established 16384 bind 16384)
[    0.356518] UDP hash table entries: 1024 (order: 3, 32768 bytes)
[    0.357489] UDP-Lite hash table entries: 1024 (order: 3, 32768 bytes)
[    0.359368] NET: Registered protocol family 1
[    0.360233] pci 0000:00:00.0: Limiting direct PCI/PCI transfers
[    0.361308] pci 0000:00:01.0: Activating ISA DMA hang workarounds
[    0.362339] pci 0000:00:02.0: Video device with shadowed ROM at [mem 0x000c0000-0x000dffff]
[    0.363861] Unpacking initramfs...
[    0.658828] Freeing initrd memory: 19760K
[    0.659989] clocksource: tsc: mask: 0xffffffffffffffff max_cycles: 0x2c955856658, max_idle_ns: 440795256416 ns
[    0.661749] platform rtc_cmos: registered platform RTC device (no PNP device found)
[    0.663104] Scanning for low memory corruption every 60 seconds
[    0.664796] Initialise system trusted keyrings
[    0.665616] Key type blacklist registered
[    0.666458] workingset: timestamp_bits=36 max_order=19 bucket_order=0
[    0.668904] zbud: loaded
[    0.670018] squashfs: version 4.0 (2009/01/31) Phillip Lougher
[    0.672585] fuse init (API version 7.26)
[    0.677247] Key type asymmetric registered
[    0.677979] Asymmetric key parser 'x509' registered
[    0.678880] Block layer SCSI generic (bsg) driver version 0.4 loaded (major 246)
[    0.680411] io scheduler noop registered
[    0.681145] io scheduler deadline registered
[    0.681924] io scheduler cfq registered (default)
[    0.683128] ACPI: AC Adapter [AC] (on-line)
[    0.684047] input: Power Button as /devices/LNXSYSTM:00/LNXPWRBN:00/input/input0
[    0.685718] ACPI: Power Button [PWRF]
[    0.686476] input: Sleep Button as /devices/LNXSYSTM:00/LNXSLPBN:00/input/input1
[    0.687740] ACPI: Sleep Button [SLPF]
[    0.688855] Serial: 8250/16550 driver, 32 ports, IRQ sharing enabled
[    0.710721] 00:02: ttyS0 at I/O 0x3f8 (irq = 4, base_baud = 115200) is a 16550
    0.713542] Linux agpgart interface v0.103
[    0.715502] loop: module loaded
[    0.717174] scsi host0: ata_piix
[    0.718118] scsi host1: ata_piix
[    0.718914] ata1: PATA max UDMA/33 cmd 0x1f0 ctl 0x3f6 bmdma 0xd000 irq 14
[    0.720046] ata2: PATA max UDMA/33 cmd 0x170 ctl 0x376 bmdma 0xd008 irq 15
[    0.721640] libphy: Fixed MDIO Bus: probed
[    0.722427] tun: Universal TUN/TAP device driver, 1.6
[    0.723355] PPP generic driver version 2.4.2
[    0.724215] ehci_hcd: USB 2.0 'Enhanced' Host Controller (EHCI) Driver
[    0.725272] ehci-pci: EHCI PCI platform driver
[    0.726082] ehci-platform: EHCI generic platform driver
[    0.726997] ohci_hcd: USB 1.1 'Open' Host Controller (OHCI) Driver
[    0.728020] ohci-pci: OHCI PCI platform driver
[    0.728896] ohci-platform: OHCI generic platform driver
[    0.729844] uhci_hcd: USB Universal Host Controller Interface driver
[    0.730934] i8042: PNP: PS/2 Controller [PNP0303:PS2K,PNP0f03:PS2M] at 0x60,0x64 irq 1,12
[    0.733376] serio: i8042 KBD port at 0x60,0x64 irq 1
[    0.734664] serio: i8042 AUX port at 0x60,0x64 irq 12
[    0.736294] mousedev: PS/2 mouse device common for all mice
[    0.737927] input: AT Translated Set 2 keyboard as /devices/platform/i8042/serio0/input/input2
[    0.740395] rtc_cmos rtc_cmos: rtc core: registered rtc_cmos as rtc0
[    0.741886] rtc_cmos rtc_cmos: alarms up to one day, 114 bytes nvram
[    0.743606] i2c /dev entries driver
[    0.744697] device-mapper: uevent: version 1.0.3
[    0.745593] device-mapper: ioctl: 4.37.0-ioctl (2017-09-20) initialised: dm-devel@redhat.com
[    0.747105] ledtrig-cpu: registered to indicate activity on CPUs
[    0.749038] NET: Registered protocol family 10
[    0.758760] Segment Routing with IPv6
[    0.759760] NET: Registered protocol family 17
[    0.760973] Key type dns_resolver registered
[    0.762200] mce: Using 0 MCE banks
[    0.762838] RAS: Correctable Errors collector initialized.
[    0.763788] sched_clock: Marking stable (762102283, 0)->(922007689, -159905406)
[    0.765873] registered taskstats version 1
[    0.766995] Loading compiled-in X.509 certificates
[    0.773956] Loaded X.509 cert 'Build time autogenerated kernel key: 81757e40860ca54b8a45e323b66799c03c91a344'
[    0.776262] zswap: loaded using pool lzo/zbud
[    0.785315] Key type big_key registered
[    0.786596] Key type trusted registered
[    0.791597] Key type encrypted registered
[    0.792928] AppArmor: AppArmor sha1 policy hashing enabled
[    0.794569] ima: No TPM chip found, activating TPM-bypass! (rc=-19)
[    0.796315] ima: Allocated hash algorithm: sha1
[    0.797603] evm: HMAC attrs: 0x1
[    0.798972]   Magic number: 8:689:444
[    0.800279] rtc_cmos rtc_cmos: setting system clock to 2020-06-04 19:27:00 UTC (1591298820)
[    0.803121] BIOS EDD facility v0.16 2004-Jun-25, 0 devices found
[    0.805136] EDD information not available.
[    0.907730] Freeing unused kernel image memory: 2432K
[    0.920132] Write protecting the kernel read-only data: 20480k
[    0.922958] Freeing unused kernel image memory: 2008K
[    0.924944] Freeing unused kernel image memory: 1876K
[    0.935331] x86/mm: Checked W+X mappings: passed, no W+X pages found.
[    0.936648] x86/mm: Checking user space page tables
[    0.944381] x86/mm: Checked W+X mappings: passed, no W+X pages found.
Loading, please wait...
starting version 237
[    1.053921] e1000: Intel(R) PRO/1000 Network Driver - version 7.3.21-k8-NAPI
[    1.055589] e1000: Copyright (c) 1999-2006 Intel Corporation.
[    1.060060] Fusion MPT base driver 3.04.20
[    1.060846] Copyright (c) 1999-2008 LSI Corporation
[    1.089910] Fusion MPT SPI Host driver 3.04.20
[    1.101130] vboxvideo: loading out-of-tree module taints kernel.
[    1.105018] vboxvideo: module verification failed: signature and/or required key missing - tainting kernel
[    1.274701] input: ImExPS/2 Generic Explorer Mouse as /devices/platform/i8042/serio1/input/input4
[    1.691181] e1000 0000:00:03.0 eth0: (PCI:33MHz:32-bit) 02:d0:42:45:d9:44
[    1.693629] e1000 0000:00:03.0 eth0: Intel(R) PRO/1000 Network Connection
[    2.714990] e1000 0000:00:08.0 eth1: (PCI:33MHz:32-bit) 08:00:27:9d:93:36
[    2.716218] e1000 0000:00:08.0 eth1: Intel(R) PRO/1000 Network Connection
[    2.719461] e1000 0000:00:08.0 enp0s8: renamed from eth1
[    2.720491] mptbase: ioc0: Initiating bringup
[    2.776451] e1000 0000:00:03.0 enp0s3: renamed from eth0
[    2.848404] ioc0: LSI53C1030 A0: Capabilities={Initiator}
[    3.090858] scsi host2: ioc0: LSI53C1030 A0, FwRev=00000000h, Ports=1, MaxQ=256, IRQ=20
[    3.263332] scsi 2:0:0:0: Direct-Access     VBOX     HARDDISK         1.0  PQ: 0 ANSI: 5
[    3.264120] [drm] VRAM 01000000
[    3.268693] [TTM] Zone  kernel: Available graphics memory: 1020406 kiB
[    3.270408] [TTM] Initializing pool allocator
[    3.271559] [TTM] Initializing DMA pool allocator
[    3.275148] fbcon: vboxdrmfb (fb0) is primary device
[    3.277431] Console: switching to colour frame buffer device 100x37
[    3.280816] vboxvideo 0000:00:02.0: fb0: vboxdrmfb frame buffer device
[    3.292135] scsi target2:0:0: Beginning Domain Validation
[    3.295115] scsi target2:0:0: Domain Validation skipping write tests
[    3.296093] [drm] Initialized vboxvideo 1.0.0 20130823 for 0000:00:02.0 on minor 0
[    3.296308] scsi target2:0:0: Ending Domain Validation
[    3.300714] scsi target2:0:0: asynchronous
[    3.302831] scsi 2:0:1:0: Direct-Access     VBOX     HARDDISK         1.0  PQ: 0 ANSI: 5
[    3.656490] scsi target2:0:1: Beginning Domain Validation
[    3.660185] random: fast init done
[    3.661623] scsi target2:0:1: Domain Validation skipping write tests
[    3.663808] scsi target2:0:1: Ending Domain Validation
[    3.666217] scsi target2:0:1: asynchronous
[    3.671844] random: systemd-udevd: uninitialized urandom read (16 bytes read)
[    3.672063] sd 2:0:0:0: [sda] 20971520 512-byte logical blocks: (10.7 GB/10.0 GiB)
[    3.673488] random: systemd-udevd: uninitialized urandom read (16 bytes read)
[    3.674654] sd 2:0:0:0: [sda] Write Protect is off
[    3.676432] random: systemd-udevd: uninitialized urandom read (16 bytes read)
[    3.679725] sd 2:0:0:0: [sda] Incomplete mode parameter data
[    3.681608] sd 2:0:0:0: [sda] Assuming drive cache: write through
[    3.683244] sd 2:0:0:0: Attached scsi generic sg0 type 0
[    3.685350] sd 2:0:1:0: [sdb] 20480 512-byte logical blocks: (10.5 MB/10.0 MiB)
[    3.686970] sd 2:0:1:0: [sdb] Write Protect is off
[    3.688086] sd 2:0:1:0: Attached scsi generic sg1 type 0
[    3.689309] sd 2:0:1:0: [sdb] Incomplete mode parameter data
[    3.690513] sd 2:0:1:0: [sdb] Assuming drive cache: write through
[    3.705370]  sda: sda1
[    3.707897] sd 2:0:0:0: [sda] Attached SCSI disk
[    3.730552] sd 2:0:1:0: [sdb] Attached SCSI disk
Begin: Loading essential drivers ... [    3.956025] raid6: sse2x1   gen()  8525 MB/s
[    4.004048] raid6: sse2x1   xor()  5944 MB/s
[    4.052043] raid6: sse2x2   gen() 10215 MB/s
[    4.100045] raid6: sse2x2   xor()  6902 MB/s
[    4.148074] raid6: sse2x4   gen()  8765 MB/s
[    4.196040] raid6: sse2x4   xor()  6002 MB/s
[    4.197469] raid6: using algorithm sse2x2 gen() 10215 MB/s
[    4.199108] raid6: .... xor() 6902 MB/s, rmw enabled
[    4.201390] raid6: using ssse3x2 recovery algorithm
[    4.205095] xor: automatically using best checksumming function   avx       
[    4.208844] async_tx: api initialized (async)
done.
Begin: Running /scripts/init-premount ... done.
Begin: Mounting root file system ... Begin: Running /scripts/local-top ... done.
Begin: Running /scripts/local-premount ... [    4.275958] Btrfs loaded, crc32c=crc32c-intel
Scanning for Btrfs filesystems
done.
Warning: fsck not present, so skipping root file system
[    4.332341] EXT4-fs (sda1): mounted filesystem with ordered data mode. Opts: (null)
done.
Begin: Running /scripts/local-bottom ... done.
Begin: Running /scripts/init-bottom ... done.
[    4.947686] ip_tables: (C) 2000-2006 Netfilter Core Team
[    4.992018] systemd[1]: systemd 237 running in system mode. (+PAM +AUDIT +SELINUX +IMA +APPARMOR +SMACK +SYSVINIT +UTMP +LIBCRYPTSETUP +GCRYPT +GNUTLS +ACL +XZ +LZ4 +SECCOMP +BLKID +ELFUTILS +KMOD -IDN2 +IDN -PCRE2 default-hierarchy=hybrid)
[    5.002257] systemd[1]: Detected virtualization oracle.
[    5.003700] systemd[1]: Detected architecture x86-64.

Welcome to [1mUbuntu 18.04.4 LTS[0m!

[    5.030924] systemd[1]: Set hostname to <bashVM>.
[    6.237386] systemd[1]: Set up automount Arbitrary Executable File Formats File System Automount Point.
[[0;32m  OK  [0m] Set up automount Arbitrary Executabâ€¦rmats File System Automount Point.
[    6.243683] systemd[1]: Reached target System Time Synchronized.
[[0;32m  OK  [0m] Reached target System Time Synchronized.
[    6.250289] systemd[1]: Created slice System Slice.
[[0;32m  OK  [0m] Created slice System Slice.
[    6.252584] systemd[1]: Listening on Journal Socket (/dev/log).
[[0;32m  OK  [0m] Listening on Journal Socket (/dev/log).
[    6.254592] systemd[1]: Listening on udev Kernel Socket.
[[0;32m  OK  [0m] Listening on udev Kernel Socket.
[    6.257381] systemd[1]: Listening on Journal Socket.
[[0;32m  OK  [0m] Listening on Journal Socket.
         Mounting POSIX Message Queue File System...
         Starting Set the console keyboard layout...
         Starting Create list of required stâ€¦ce nodes for the current kernel...
         Starting Remount Root and Kernel File Systems...
         Starting Load Kernel Modules...
         Mounting Huge Pages File System...
[[0;32m  OK  [0m] Listening on Device-mapper event daemon FIFOs.
[    6.590227] Loading iSCSI transport class v2.0-870.
[    6.607839] iscsi: registered transport (tcp)
[[0;32m  OK  [0m] Listening on LVM2 poll daemon socket.
[[0;32m  OK  [0m] Listening on Network Service Netlink Socket.
[[0;32m  OK  [0m] Started Forward Password Requests to Wall Directory Watch.
[[0;32m  OK  [0m] Listening on /dev/initctl Compatibility Named Pipe.
[    6.641064] EXT4-fs (sda1): re-mounted. Opts: (null)
         Mounting Kernel Debug File System...
[[0;32m  OK  [0m] Listening on udev Control Socket.
         Starting udev Coldplug all Devices...
         Starting Uncomplicated firewall...
[[0;32m  OK  [0m] Created slice system-serial\x2dgetty.slice.
[[0;32m  OK  [0m] Listening on Syslog Socket.
[[0;32m  OK  [0m] Reached target Swap.
[[0;32m  OK  [0m] Created slice User and Session Slice.
[[0;32m  OK  [0m] Reached target Slices.
[[0;32m  OK  [0m] Reached target User and Group Name Lookups.
[[0;32m  OK  [0m] Listening on LVM2 metadata daemon socket.
         Starting Monitoring of LVM2 mirrorsâ€¦ng dmeventd or progress polling...
[[0;32m  OK  [0m] Listening on Journal Audit Socket.
         Starting Journal Service...
[[0;32m  OK  [0m] Mounted POSIX Message Queue File System.
[[0;32m  OK  [0m] Started Create list of required staâ€¦vice nodes for the current kernel.
[[0;32m  OK  [0m] Started Remount Root and Kernel File Systems.
[[0;32m  OK  [0m] Mounted Huge Pages File System.
[[0;32m  OK  [0m] Mounted Kernel Debug File System.
[    6.696733] random: crng init done
[    6.697971] random: 7 urandom warning(s) missed due to ratelimiting
[[0;32m  OK  [0m] Started Uncomplicated firewall.
         Starting Load/Save Random Seed...
         Starting Create Static Device Nodes in /dev...
[[0;32m  OK  [0m] Started udev Coldplug all Devices.
[[0;32m  OK  [0m] Started Load/Save Random Seed.
[[0;32m  OK  [0m] Started Journal Service.
         Starting Flush Journal to Persistent Storage...
[[0;32m  OK  [0m] Started LVM2 metadata daemon.
[    6.927585] iscsi: registered transport (iser)
[[0;32m  OK  [0m] Started Load Kernel Modules.
         Mounting FUSE Control File System...
         Starting Apply Kernel Variables...
         Mounting Kernel Configuration File System...
[[0;32m  OK  [0m] Mounted FUSE Control File System.
[[0;32m  OK  [0m] Mounted Kernel Configuration File System.
[    6.959046] systemd-journald[384]: Received request to flush runtime journal from PID 1
[[0;32m  OK  [0m] Started Create Static Device Nodes in /dev.
         Starting udev Kernel Device Manager...
[[0;32m  OK  [0m] Started Apply Kernel Variables.
[[0;32m  OK  [0m] Started Monitoring of LVM2 mirrors,â€¦sing dmeventd or progress polling.
[[0;32m  OK  [0m] Started udev Kernel Device Manager.
[[0;32m  OK  [0m] Started Flush Journal to Persistent Storage.
[[0;32m  OK  [0m] Found device /dev/ttyS0.
[[0;32m  OK  [0m] Listening on Load/Save RF Kill Switch Status /dev/rfkill Watch.
[[0;32m  OK  [0m] Started Set the console keyboard layout.
[[0;32m  OK  [0m] Reached target Local File Systems (Pre).
[[0;32m  OK  [0m] Reached target Local File Systems.
         Starting Set console font and keymap...
         Starting Tell Plymouth To Write Out Runtime Data...
         Starting Create Volatile Files and Directories...
         Starting AppArmor initialization...
         Starting ebtables ruleset management...
[[0;32m  OK  [0m] Started Dispatch Password Requests to Console Directory Watch.
[[0;32m  OK  [0m] Reached target Local Encrypted Volumes.
[[0;32m  OK  [0m] Started Set console font and keymap.
[[0;32m  OK  [0m] Started Tell Plymouth To Write Out Runtime Data.
[[0;32m  OK  [0m] Started Create Volatile Files and Directories.
         Starting Update UTMP about System Boot/Shutdown...
[[0;32m  OK  [0m] Started Update UTMP about System Boot/Shutdown.
[[0;32m  OK  [0m] Started ebtables ruleset management.
[[0;32m  OK  [0m] Started AppArmor initialization.
         Starting Initial cloud-init job (pre-networking)...
[   12.514650] cloud-init[685]: Cloud-init v. 19.4-33-gbb4131a2-0ubuntu1~18.04.1 running 'init-local' at Thu, 04 Jun 2020 19:27:11 +0000. Up 12.10 seconds.
[[0;32m  OK  [0m] Started Initial cloud-init job (pre-networking).
[[0;32m  OK  [0m] Reached target Network (Pre).
         Starting Network Service...
[[0;32m  OK  [0m] Started Network Service.
         Starting Wait for Network to be Configured...
         Starting Network Name Resolution...
[[0;32m  OK  [0m] Started Network Name Resolution.
[[0;32m  OK  [0m] Reached target Network.
[[0;32m  OK  [0m] Reached target Host and Network Name Lookups.
[[0;32m  OK  [0m] Started Wait for Network to be Configured.
         Starting Initial cloud-init job (metadata service crawler)...
[   15.297012] cloud-init[803]: Cloud-init v. 19.4-33-gbb4131a2-0ubuntu1~18.04.1 running 'init' at Thu, 04 Jun 2020 19:27:14 +0000. Up 15.07 seconds.
[   15.300331] cloud-init[803]: ci-info: ++++++++++++++++++++++++++++++++++++++Net device info+++++++++++++++++++++++++++++++++++++++
[   15.302250] cloud-init[803]: ci-info: +--------+------+-----------------------------+---------------+--------+-------------------+
[   15.303719] cloud-init[803]: ci-info: | Device |  Up  |           Address           |      Mask     | Scope  |     Hw-Address    |
[   15.305214] cloud-init[803]: ci-info: +--------+------+-----------------------------+---------------+--------+-------------------+
[   15.306781] cloud-init[803]: ci-info: | enp0s3 | True |          10.0.2.15          | 255.255.255.0 | global | 02:d0:42:45:d9:44 |
[   15.308468] cloud-init[803]: ci-info: | enp0s3 | True |  fe80::d0:42ff:fe45:d944/64 |       .       |  link  | 02:d0:42:45:d9:44 |
[   15.310128] cloud-init[803]: ci-info: | enp0s8 | True |       192.168.201.120       | 255.255.255.0 | global | 08:00:27:9d:93:36 |
[   15.311877] cloud-init[803]: ci-info: | enp0s8 | True | fe80::a00:27ff:fe9d:9336/64 |       .       |  link  | 08:00:27:9d:93:36 |
[   15.314358] cloud-init[803]: ci-info: |   lo   | True |          127.0.0.1          |   255.0.0.0   |  host  |         .         |
[   15.316892] cloud-init[803]: ci-info: |   lo   | True |           ::1/128           |       .       |  host  |         .         |
[   15.319407] cloud-init[803]: ci-info: +--------+------+-----------------------------+---------------+--------+-------------------+
[   15.321893] cloud-init[803]: ci-info: ++++++++++++++++++++++++++++++++Route IPv4 info++++++++++++++++++++++++++++++++
[   15.324098] cloud-init[803]: ci-info: +-------+---------------+---------------+-----------------+-----------+-------+
[   15.325964] cloud-init[803]: ci-info: | Route |  Destination  |    Gateway    |     Genmask     | Interface | Flags |
[   15.327439] cloud-init[803]: ci-info: +-------+---------------+---------------+-----------------+-----------+-------+
[   15.331006] cloud-init[803]: ci-info: |   0   |    0.0.0.0    |    10.0.2.2   |     0.0.0.0     |   enp0s3  |   UG  |
[   15.332534] cloud-init[803]: ci-info: |   1   |    0.0.0.0    | 192.168.201.1 |     0.0.0.0     |   enp0s8  |   UG  |
[   15.333918] cloud-init[803]: ci-info: |   2   |    10.0.2.0   |    0.0.0.0    |  255.255.255.0  |   enp0s3  |   U   |
[   15.335302] cloud-init[803]: ci-info: |   3   |    10.0.2.2   |    0.0.0.0    | 255.255.255.255 |   enp0s3  |   UH  |
[   15.336755] cloud-init[803]: ci-info: |   4   | 192.168.201.0 |    0.0.0.0    |  255.255.255.0  |   enp0s8  |   U   |
[   15.338247] cloud-init[803]: ci-info: |   5   | 192.168.201.1 |    0.0.0.0    | 255.255.255.255 |   enp0s8  |   UH  |
[   15.339654] cloud-init[803]: ci-info: +-------+---------------+---------------+-----------------+-----------+-------+
[   15.341484] cloud-init[803]: ci-info: +++++++++++++++++++Route IPv6 info+++++++++++++++++++
[   15.342487] cloud-init[803]: ci-info: +-------+-------------+---------+-----------+-------+
[   15.343611] cloud-init[803]: ci-info: | Route | Destination | Gateway | Interface | Flags |
[   15.344979] cloud-init[803]: ci-info: +-------+-------------+---------+-----------+-------+
[   15.346665] cloud-init[803]: ci-info: |   1   |  fe80::/64  |    ::   |   enp0s8  |   U   |
[   15.356313] cloud-init[803]: ci-info: |   2   |  fe80::/64  |    ::   |   enp0s3  |   U   |
[   15.357154] cloud-init[803]: ci-info: |   4   |    local    |    ::   |   enp0s3  |   U   |
[   15.358995] cloud-init[803]: ci-info: |   5   |    local    |    ::   |   enp0s8  |   U   |
[   15.360961] cloud-init[803]: ci-info: |   6   |   ff00::/8  |    ::   |   enp0s8  |   U   |
[   15.372293] cloud-init[803]: ci-info: |   7   |   ff00::/8  |    ::   |   enp0s3  |   U   |
[   15.373374] cloud-init[803]: ci-info: +-------+-------------+---------+-----------+-------+
[[0;32m  OK  [0m] Started Initial cloud-init job (metadata service crawler).
[[0;32m  OK  [0m] Reached target Network is Online.
[[0;32m  OK  [0m] Reached target Remote File Systems (Pre).
[[0;32m  OK  [0m] Reached target Remote File Systems.
         Starting Availability of block devices...
[[0;32m  OK  [0m] Reached target System Initialization.
[[0;32m  OK  [0m] Started ACPI Events Check.
[[0;32m  OK  [0m] Started Daily Cleanup of Temporary Directories.
         Starting LXD - unix socket.
[[0;32m  OK  [0m] Started Discard unused blocks once a week.
[[0;32m  OK  [0m] Started Message of the Day.
         Starting Socket activation for snappy daemon.
[[0;32m  OK  [0m] Started Clean PHP session files every 30 mins.
[[0;32m  OK  [0m] Listening on D-Bus System Message Bus Socket.
[[0;32m  OK  [0m] Listening on ACPID Listen Socket.
[[0;32m  OK  [0m] Reached target Paths.
[[0;32m  OK  [0m] Listening on UUID daemon activation socket.
[[0;32m  OK  [0m] Listening on Open-iSCSI iscsid Socket.
[[0;32m  OK  [0m] Started Daily apt download activities.
[[0;32m  OK  [0m] Started Daily apt upgrade and clean activities.
[[0;32m  OK  [0m] Reached target Timers.
[[0;32m  OK  [0m] Reached target Cloud-config availability.
[[0;32m  OK  [0m] Listening on LXD - unix socket.
[[0;32m  OK  [0m] Listening on Socket activation for snappy daemon.
[[0;32m  OK  [0m] Reached target Sockets.
[[0;32m  OK  [0m] Reached target Basic System.
         Starting A high performance web server and a reverse proxy server...
         Starting Login Service...
         Starting Percona Server...
         Starting The PHP 7.2 FastCGI Process Manager...
[[0;32m  OK  [0m] Started Deferred execution scheduler.
         Starting vboxadd.service...
[[0;32m  OK  [0m] Started Regular background program processing daemon.
         Starting Permit User Sessions...
         Starting Accounts Service...
[[0;32m  OK  [0m] Started irqbalance daemon.
         Starting LSB: Record successful boot for GRUB...
[[0;32m  OK  [0m] Started D-Bus System Message Bus.
[[0;32m  OK  [0m] Started Login Service.
[[0;32m  OK  [0m] Started Unattended Upgrades Shutdown.
         Starting Dispatcher daemon for systemd-networkd...
         Starting OpenBSD Secure Shell server...
         Starting LSB: automatic crash report generation...
[[0;32m  OK  [0m] Started FUSE filesystem for LXC.
         Starting Snappy daemon...
         Starting System Logging Service...
         Starting LXD - container startup/shutdown...
[[0;32m  OK  [0m] Started Availability of block devices.
[[0;32m  OK  [0m] Started Permit User Sessions.
         Starting Authorization Manager...
         Starting Terminate Plymouth Boot Screen...
         Starting Hold until boot process finishes up...
[[0;32m  OK  [0m] Started Hold until boot process finishes up.
         Starting Set console scheme...
[[0;32m  OK  [0m] Started Serial Getty on ttyS0.
[[0;32m  OK  [0m] Started Terminate Plymouth Boot Screen.
[[0;32m  OK  [0m] Started Set console scheme.
[[0;32m  OK  [0m] Created slice system-getty.slice.
[[0;32m  OK  [0m] Started Getty on tty1.
[[0;32m  OK  [0m] Reached target Login Prompts.
[[0;32m  OK  [0m] Started Authorization Manager.
[[0;32m  OK  [0m] Started Accounts Service.
[[0;32m  OK  [0m] Started LSB: automatic crash report generation.
[[0;32m  OK  [0m] Started System Logging Service.
[[0;32m  OK  [0m] Started LSB: Record successful boot for GRUB.
[[0;32m  OK  [0m] Started A high performance web server and a reverse proxy server.
[[0;32m  OK  [0m] Started OpenBSD Secure Shell server.
[[0;32m  OK  [0m] Started The PHP 7.2 FastCGI Process Manager.
[[0;32m  OK  [0m] Created slice User Slice of vagrant.
         Starting User Manager for UID 1000...
[[0;32m  OK  [0m] Started Session 1 of user vagrant.
[[0;32m  OK  [0m] Started Dispatcher daemon for systemd-networkd.
[[0;32m  OK  [0m] Started LXD - container startup/shutdown.
[[0;32m  OK  [0m] Started Snappy daemon.
         Starting Wait until snapd is fully seeded...
[[0;32m  OK  [0m] Started User Manager for UID 1000.
[[0;32m  OK  [0m] Started Wait until snapd is fully seeded.
         Starting Apply the settings specified in cloud-config...
[   22.855847] cloud-init[1448]: Cloud-init v. 19.4-33-gbb4131a2-0ubuntu1~18.04.1 running 'modules:config' at Thu, 04 Jun 2020 19:27:22 +0000. Up 22.60 seconds.

Ubuntu 18.04.4 LTS bashVM ttyS0

bashVM login: [   27.434098] cloud-init[1783]: Cloud-init v. 19.4-33-gbb4131a2-0ubuntu1~18.04.1 running 'modules:final' at Thu, 04 Jun 2020 19:27:26 +0000. Up 27.23 seconds.
[   27.436870] cloud-init[1783]: Cloud-init v. 19.4-33-gbb4131a2-0ubuntu1~18.04.1 finished at Thu, 04 Jun 2020 19:27:27 +0000. Datasource DataSourceNoCloud [seed=/dev/sdb][dsmode=net].  Up 27.42 seconds
